// Jest Snapshot v1, https://goo.gl/fbAQLP

exports[`Card User Component render 1`] = `
<DocumentFragment>
  <div
    class="sc-bczRLJ hYcics"
    data-testid="card-user-test"
  >
    <div
      class="MuiPaper-root MuiPaper-elevation MuiPaper-rounded MuiPaper-elevation1 MuiCard-root css-bhp9pd-MuiPaper-root-MuiCard-root"
    >
      <div
        class="MuiCardContent-root css-46bh2p-MuiCardContent-root"
      >
        <h6
          class="MuiTypography-root MuiTypography-h6 sc-gsnTZi llGvie css-2ulfj5-MuiTypography-root"
        >
          Bret - 18 
        </h6>
        <h6
          class="MuiTypography-root MuiTypography-subtitle1 sc-dkzDqf ktnddZ css-10wpov9-MuiTypography-root"
        />
        <h6
          class="MuiTypography-root MuiTypography-subtitle2 sc-hKMtZM jpMeVU css-ati914-MuiTypography-root"
        >
          Kulas Light, Apt. 556, Gwenborough - 92998-3874
        </h6>
        <button
          class="MuiButton-root MuiButton-outlined MuiButton-outlinedPrimary MuiButton-sizeMedium MuiButton-outlinedSizeMedium MuiButtonBase-root  css-1rwt2y5-MuiButtonBase-root-MuiButton-root"
          data-testid="button-Remove-usertest"
          id="button-Remove-usertest"
          tabindex="0"
          type="button"
        >
          Remove User
          <span
            class="MuiTouchRipple-root css-8je8zh-MuiTouchRipple-root"
          />
        </button>
      </div>
    </div>
  </div>
</DocumentFragment>
`;
