// Jest Snapshot v1, https://goo.gl/fbAQLP

exports[`Button Component render 1`] = `
<DocumentFragment>
  <button
    class="MuiButton-root MuiButton-contained MuiButton-containedPrimary MuiButton-sizeMedium MuiButton-containedSizeMedium MuiButtonBase-root  css-sghohy-MuiButtonBase-root-MuiButton-root"
    data-testid="button-test"
    id="button-test"
    tabindex="0"
    type="button"
  >
    Label
    <span
      class="MuiTouchRipple-root css-8je8zh-MuiTouchRipple-root"
    />
  </button>
</DocumentFragment>
`;
